\BOOKMARK [0][-]{chapter*.2}{\376\377\000P\000r\000e\000a\000m\000b\000l\000e}{}% 1
\BOOKMARK [0][-]{chapter.1}{\376\377\000O\000f\000\040\000t\000h\000e\000\040\000F\000o\000u\000n\000d\000i\000n\000g\000\040\000a\000n\000d\000\040\000P\000u\000r\000p\000o\000s\000e\000\040\000o\000f\000\040\000t\000h\000e\000\040\000S\000i\000l\000o}{}% 2
\BOOKMARK [1][-]{section.1.1}{\376\377\000T\000h\000e\000\040\000R\000e\000c\000i\000t\000a\000t\000i\000o\000n\000\040\000o\000f\000\040\000t\000h\000e\000\040\000F\000o\000u\000n\000d\000i\000n\000g}{chapter.1}% 3
\BOOKMARK [1][-]{section.1.2}{\376\377\000T\000h\000e\000\040\000P\000u\000r\000p\000o\000s\000e\000\040\000a\000n\000d\000\040\000S\000u\000p\000r\000e\000m\000a\000c\000y\000\040\000o\000f\000\040\000t\000h\000i\000s\000\040\000P\000a\000c\000t}{chapter.1}% 4
\BOOKMARK [1][-]{section.1.3}{\376\377\000T\000h\000e\000\040\000S\000t\000r\000u\000c\000t\000u\000r\000e\000\040\000o\000f\000\040\000t\000h\000e\000\040\000S\000i\000l\000o}{chapter.1}% 5
\BOOKMARK [1][-]{section.1.4}{\376\377\000T\000h\000e\000\040\000S\000e\000n\000s\000o\000r\000s\000\040\000a\000n\000d\000\040\000t\000h\000e\000\040\000W\000a\000l\000l\000s\000c\000r\000e\000e\000n}{chapter.1}% 6
\BOOKMARK [1][-]{section.1.5}{\376\377\000T\000h\000e\000\040\000C\000i\000t\000i\000z\000e\000n\000\040\000B\000o\000u\000n\000d}{chapter.1}% 7
\BOOKMARK [0][-]{chapter.2}{\376\377\000O\000f\000\040\000C\000i\000t\000i\000z\000e\000n\000s\000h\000i\000p\000\040\000a\000n\000d\000\040\000t\000h\000e\000\040\000C\000e\000n\000s\000u\000s}{}% 8
\BOOKMARK [1][-]{section.2.1}{\376\377\000T\000h\000e\000\040\000S\000t\000a\000n\000d\000i\000n\000g\000\040\000o\000f\000\040\000a\000\040\000C\000i\000t\000i\000z\000e\000n}{chapter.2}% 9
\BOOKMARK [1][-]{section.2.2}{\376\377\000T\000h\000e\000\040\000N\000a\000m\000i\000n\000g\000\040\000o\000f\000\040\000C\000h\000i\000l\000d\000r\000e\000n}{chapter.2}% 10
\BOOKMARK [1][-]{section.2.3}{\376\377\000T\000h\000e\000\040\000C\000i\000t\000i\000z\000e\000n\000'\000s\000\040\000O\000a\000t\000h}{chapter.2}% 11
\BOOKMARK [1][-]{section.2.4}{\376\377\000T\000h\000e\000\040\000K\000e\000e\000p\000i\000n\000g\000\040\000o\000f\000\040\000t\000h\000e\000\040\000R\000o\000l\000l\000s}{chapter.2}% 12
\BOOKMARK [1][-]{section.2.5}{\376\377\000D\000e\000a\000t\000h\000\040\000a\000n\000d\000\040\000t\000h\000e\000\040\000C\000l\000o\000s\000i\000n\000g\000\040\000o\000f\000\040\000a\000\040\000N\000a\000m\000e}{chapter.2}% 13
\BOOKMARK [0][-]{chapter.3}{\376\377\000O\000f\000\040\000M\000a\000r\000r\000i\000a\000g\000e\000,\000\040\000t\000h\000e\000\040\000L\000o\000t\000t\000e\000r\000y\000,\000\040\000a\000n\000d\000\040\000t\000h\000e\000\040\000R\000i\000g\000h\000t\000\040\000o\000f\000\040\000B\000i\000r\000t\000h}{}% 14
\BOOKMARK [1][-]{section.3.1}{\376\377\000T\000h\000e\000\040\000M\000a\000r\000r\000i\000a\000g\000e\000\040\000B\000o\000n\000d}{chapter.3}% 15
\BOOKMARK [1][-]{section.3.2}{\376\377\000T\000h\000e\000\040\000L\000o\000t\000t\000e\000r\000y\000\040\000f\000o\000r\000\040\000C\000h\000i\000l\000d\000r\000e\000n}{chapter.3}% 16
\BOOKMARK [1][-]{section.3.3}{\376\377\000T\000h\000e\000\040\000R\000i\000g\000h\000t\000\040\000o\000f\000\040\000B\000i\000r\000t\000h\000\040\000a\000n\000d\000\040\000t\000h\000e\000\040\000W\000i\000n\000d\000o\000w\000\040\000o\000f\000\040\000C\000o\000n\000c\000e\000p\000t\000i\000o\000n}{chapter.3}% 17
\BOOKMARK [1][-]{section.3.4}{\376\377\000U\000n\000s\000a\000n\000c\000t\000i\000o\000n\000e\000d\000\040\000C\000h\000i\000l\000d\000r\000e\000n\000\040\000a\000n\000d\000\040\000t\000h\000e\000\040\000A\000n\000s\000w\000e\000r\000i\000n\000g\000\040\000f\000o\000r\000\040\000U\000n\000l\000i\000c\000e\000n\000s\000e\000d\000\040\000B\000i\000r\000t\000h}{chapter.3}% 18
\BOOKMARK [1][-]{section.3.5}{\376\377\000T\000h\000e\000\040\000A\000d\000m\000i\000n\000i\000s\000t\000r\000a\000t\000i\000o\000n\000\040\000o\000f\000\040\000t\000h\000e\000\040\000L\000o\000t\000t\000e\000r\000y}{chapter.3}% 19
\BOOKMARK [1][-]{section.3.6}{\376\377\000T\000h\000e\000\040\000D\000u\000t\000y\000\040\000t\000o\000\040\000M\000a\000i\000n\000t\000a\000i\000n\000\040\000t\000h\000e\000\040\000P\000o\000p\000u\000l\000a\000t\000i\000o\000n}{chapter.3}% 20
\BOOKMARK [0][-]{chapter.4}{\376\377\000O\000f\000\040\000t\000h\000e\000\040\000O\000f\000f\000i\000c\000e\000\040\000o\000f\000\040\000M\000a\000y\000o\000r}{}% 21
\BOOKMARK [1][-]{section.4.1}{\376\377\000T\000h\000e\000\040\000O\000f\000f\000i\000c\000e\000\040\000o\000f\000\040\000M\000a\000y\000o\000r}{chapter.4}% 22
\BOOKMARK [1][-]{section.4.2}{\376\377\000T\000h\000e\000\040\000M\000a\000y\000o\000r\000'\000s\000\040\000P\000o\000w\000e\000r\000s\000\040\000o\000f\000\040\000C\000o\000n\000f\000i\000r\000m\000a\000t\000i\000o\000n\000\040\000a\000n\000d\000\040\000A\000p\000p\000o\000i\000n\000t\000m\000e\000n\000t}{chapter.4}% 23
\BOOKMARK [1][-]{section.4.3}{\376\377\000T\000h\000e\000\040\000M\000a\000y\000o\000r\000'\000s\000\040\000O\000r\000d\000e\000r\000s\000\040\000a\000n\000d\000\040\000E\000m\000e\000r\000g\000e\000n\000c\000y\000\040\000A\000u\000t\000h\000o\000r\000i\000t\000y}{chapter.4}% 24
\BOOKMARK [1][-]{section.4.4}{\376\377\000T\000h\000e\000\040\000M\000a\000y\000o\000r\000\040\000a\000n\000d\000\040\000J\000u\000d\000i\000c\000i\000a\000l}{chapter.4}% 25
\BOOKMARK [1][-]{section.4.5}{\376\377\000T\000h\000e\000\040\000M\000a\000y\000o\000r\000\040\000a\000n\000d\000\040\000t\000h\000e\000\040\000A\000s\000s\000e\000m\000b\000l\000y}{chapter.4}% 26
\BOOKMARK [1][-]{section.4.6}{\376\377\000T\000h\000e\000\040\000O\000f\000f\000i\000c\000e\000\040\000o\000f\000\040\000D\000e\000p\000u\000t\000y\000\040\000M\000a\000y\000o\000r\000\040\000a\000n\000d\000\040\000S\000u\000c\000c\000e\000s\000s\000i\000o\000n}{chapter.4}% 27
\BOOKMARK [1][-]{section.4.7}{\376\377\000T\000h\000e\000\040\000F\000o\000r\000g\000i\000v\000e\000n\000e\000s\000s\000\040\000H\000o\000l\000i\000d\000a\000y}{chapter.4}% 28
\BOOKMARK [0][-]{chapter.5}{\376\377\000O\000f\000\040\000t\000h\000e\000\040\000D\000e\000p\000u\000t\000y\000\040\000M\000a\000y\000o\000r\000\040\000a\000n\000d\000\040\000t\000h\000e\000\040\000O\000r\000d\000e\000r\000\040\000o\000f\000\040\000S\000u\000c\000c\000e\000s\000s\000i\000o\000n}{}% 29
\BOOKMARK [1][-]{section.5.1}{\376\377\000T\000h\000e\000\040\000O\000f\000f\000i\000c\000e\000\040\000o\000f\000\040\000D\000e\000p\000u\000t\000y\000\040\000M\000a\000y\000o\000r}{chapter.5}% 30
\BOOKMARK [1][-]{section.5.2}{\376\377\000T\000h\000e\000\040\000D\000e\000p\000u\000t\000y\000\040\000M\000a\000y\000o\000r\000'\000s\000\040\000A\000s\000s\000u\000m\000p\000t\000i\000o\000n\000\040\000o\000f\000\040\000t\000h\000e\000\040\000M\000a\000y\000o\000r\000a\000l\000t\000y}{chapter.5}% 31
\BOOKMARK [1][-]{section.5.3}{\376\377\000T\000h\000e\000\040\000E\000l\000e\000c\000t\000i\000o\000n\000\040\000f\000o\000r\000\040\000t\000h\000e\000\040\000N\000e\000x\000t\000\040\000M\000a\000y\000o\000r}{chapter.5}% 32
\BOOKMARK [1][-]{section.5.4}{\376\377\000T\000h\000e\000\040\000D\000e\000p\000u\000t\000y\000\040\000M\000a\000y\000o\000r\000'\000s\000\040\000E\000l\000e\000c\000t\000i\000o\000n\000\040\000a\000n\000d\000\040\000S\000u\000c\000c\000e\000s\000s\000i\000o\000n}{chapter.5}% 33
\BOOKMARK [0][-]{chapter.6}{\376\377\000O\000f\000\040\000J\000u\000d\000i\000c\000i\000a\000l\000\040\000a\000n\000d\000\040\000t\000h\000e\000\040\000C\000o\000u\000r\000t\000s}{}% 34
\BOOKMARK [1][-]{section.6.1}{\376\377\000T\000h\000e\000\040\000C\000h\000a\000r\000g\000e\000\040\000a\000n\000d\000\040\000t\000h\000e\000\040\000J\000u\000d\000g\000e}{chapter.6}% 35
\BOOKMARK [1][-]{section.6.2}{\376\377\000R\000u\000l\000i\000n\000g\000s\000\040\000W\000h\000e\000r\000e\000\040\000T\000h\000i\000s\000\040\000P\000a\000c\000t\000\040\000I\000s\000\040\000S\000i\000l\000e\000n\000t}{chapter.6}% 36
\BOOKMARK [1][-]{section.6.3}{\376\377\000T\000h\000e\000\040\000O\000f\000f\000i\000c\000e\000r\000s\000\040\000o\000f\000\040\000J\000u\000d\000i\000c\000i\000a\000l}{chapter.6}% 37
\BOOKMARK [1][-]{section.6.4}{\376\377\000J\000u\000d\000g\000m\000e\000n\000t\000\040\000a\000n\000d\000\040\000S\000e\000n\000t\000e\000n\000c\000e}{chapter.6}% 38
\BOOKMARK [1][-]{section.6.5}{\376\377\000T\000h\000e\000\040\000A\000r\000c\000h\000i\000v\000e\000\040\000o\000f\000\040\000J\000u\000d\000i\000c\000i\000a\000l}{chapter.6}% 39
\BOOKMARK [0][-]{chapter.7}{\376\377\000O\000f\000\040\000t\000h\000e\000\040\000S\000h\000e\000r\000i\000f\000f\000\040\000a\000n\000d\000\040\000t\000h\000e\000\040\000K\000e\000e\000p\000i\000n\000g\000\040\000o\000f\000\040\000t\000h\000e\000\040\000P\000e\000a\000c\000e}{}% 40
\BOOKMARK [1][-]{section.7.1}{\376\377\000T\000h\000e\000\040\000C\000h\000a\000r\000g\000e\000\040\000o\000f\000\040\000t\000h\000e\000\040\000S\000h\000e\000r\000i\000f\000f}{chapter.7}% 41
\BOOKMARK [1][-]{section.7.2}{\376\377\000T\000h\000e\000\040\000S\000t\000a\000i\000r\000\040\000a\000n\000d\000\040\000t\000h\000e\000\040\000L\000a\000n\000d\000i\000n\000g\000s}{chapter.7}% 42
\BOOKMARK [1][-]{section.7.3}{\376\377\000T\000h\000e\000\040\000C\000a\000f\000e\000t\000e\000r\000i\000a\000s\000\040\000a\000n\000d\000\040\000O\000t\000h\000e\000r\000\040\000C\000o\000m\000m\000o\000n\000\040\000A\000r\000e\000a\000s}{chapter.7}% 43
\BOOKMARK [1][-]{section.7.4}{\376\377\000T\000h\000e\000\040\000K\000e\000e\000p\000i\000n\000g\000\040\000o\000f\000\040\000t\000h\000e\000\040\000P\000e\000a\000c\000e\000\040\000B\000e\000t\000w\000e\000e\000n\000\040\000C\000i\000t\000i\000z\000e\000n\000s}{chapter.7}% 44
\BOOKMARK [1][-]{section.7.5}{\376\377\000T\000h\000e\000\040\000T\000r\000a\000d\000e\000s\000\040\000o\000f\000\040\000t\000h\000e\000\040\000S\000h\000e\000r\000i\000f\000f\000'\000s\000\040\000O\000f\000f\000i\000c\000e}{chapter.7}% 45
\BOOKMARK [0][-]{chapter.8}{\376\377\000O\000f\000\040\000t\000h\000e\000\040\000D\000e\000p\000a\000r\000t\000m\000e\000n\000t\000\040\000o\000f\000\040\000I\000n\000f\000o\000r\000m\000a\000t\000i\000o\000n\000\040\000T\000e\000c\000h\000n\000o\000l\000o\000g\000y}{}% 46
\BOOKMARK [1][-]{section.8.1}{\376\377\000T\000h\000e\000\040\000C\000h\000a\000r\000g\000e\000\040\000o\000f\000\040\000I\000n\000f\000o\000r\000m\000a\000t\000i\000o\000n\000\040\000T\000e\000c\000h\000n\000o\000l\000o\000g\000y}{chapter.8}% 47
\BOOKMARK [1][-]{section.8.2}{\376\377\000T\000h\000e\000\040\000L\000i\000c\000e\000n\000s\000i\000n\000g\000\040\000o\000f\000\040\000D\000a\000n\000g\000e\000r\000o\000u\000s\000\040\000I\000n\000s\000t\000r\000u\000m\000e\000n\000t\000s}{chapter.8}% 48
\BOOKMARK [1][-]{section.8.3}{\376\377\000R\000a\000d\000i\000o\000s\000\040\000a\000n\000d\000\040\000t\000h\000e\000\040\000S\000i\000l\000o\000'\000s\000\040\000W\000o\000r\000d}{chapter.8}% 49
\BOOKMARK [1][-]{section.8.4}{\376\377\000T\000h\000e\000\040\000S\000e\000n\000s\000o\000r\000s\000,\000\040\000t\000h\000e\000\040\000W\000a\000l\000l\000s\000c\000r\000e\000e\000n\000,\000\040\000a\000n\000d\000\040\000t\000h\000e\000\040\000R\000e\000c\000o\000r\000d\000\040\000o\000f\000\040\000t\000h\000e\000\040\000D\000e\000a\000d}{chapter.8}% 50
\BOOKMARK [1][-]{section.8.5}{\376\377\000R\000e\000l\000i\000c\000s\000\040\000o\000f\000\040\000C\000r\000a\000f\000t\000\040\000a\000n\000d\000\040\000C\000o\000n\000t\000r\000i\000v\000a\000n\000c\000e}{chapter.8}% 51
\BOOKMARK [1][-]{section.8.6}{\376\377\000T\000h\000e\000\040\000T\000r\000a\000d\000e\000s\000\040\000o\000f\000\040\000I\000n\000f\000o\000r\000m\000a\000t\000i\000o\000n\000\040\000T\000e\000c\000h\000n\000o\000l\000o\000g\000y}{chapter.8}% 52
\BOOKMARK [0][-]{chapter.9}{\376\377\000O\000f\000\040\000t\000h\000e\000\040\000D\000e\000p\000a\000r\000t\000m\000e\000n\000t\000\040\000o\000f\000\040\000M\000e\000c\000h\000a\000n\000i\000c\000a\000l}{}% 53
\BOOKMARK [1][-]{section.9.1}{\376\377\000T\000h\000e\000\040\000C\000h\000a\000r\000g\000e\000\040\000o\000f\000\040\000M\000e\000c\000h\000a\000n\000i\000c\000a\000l}{chapter.9}% 54
\BOOKMARK [1][-]{section.9.2}{\376\377\000P\000o\000w\000e\000r\000,\000\040\000C\000i\000r\000c\000u\000l\000a\000t\000i\000o\000n\000,\000\040\000a\000n\000d\000\040\000R\000e\000c\000l\000a\000m\000a\000t\000i\000o\000n}{chapter.9}% 55
\BOOKMARK [1][-]{section.9.3}{\376\377\000T\000h\000e\000\040\000F\000r\000e\000i\000g\000h\000t\000\040\000L\000i\000f\000t}{chapter.9}% 56
\BOOKMARK [1][-]{section.9.4}{\376\377\000S\000t\000r\000u\000c\000t\000u\000r\000a\000l\000\040\000W\000o\000r\000k\000\040\000a\000n\000d\000\040\000t\000h\000e\000\040\000P\000r\000o\000h\000i\000b\000i\000t\000i\000o\000n\000\040\000A\000g\000a\000i\000n\000s\000t\000\040\000D\000i\000g\000g\000i\000n\000g}{chapter.9}% 57
\BOOKMARK [1][-]{section.9.5}{\376\377\000T\000o\000o\000l\000s\000,\000\040\000M\000a\000t\000e\000r\000i\000a\000l\000s\000,\000\040\000a\000n\000d\000\040\000T\000h\000e\000i\000r\000\040\000L\000i\000c\000e\000n\000s\000i\000n\000g}{chapter.9}% 58
\BOOKMARK [1][-]{section.9.6}{\376\377\000T\000h\000e\000\040\000T\000r\000a\000d\000e\000s\000\040\000o\000f\000\040\000t\000h\000e\000\040\000D\000o\000w\000n\000\040\000D\000e\000e\000p}{chapter.9}% 59
\BOOKMARK [1][-]{section.9.7}{\376\377\000C\000r\000i\000t\000i\000c\000a\000l\000\040\000I\000n\000f\000r\000a\000s\000t\000r\000u\000c\000t\000u\000r\000e\000\040\000a\000n\000d\000\040\000H\000i\000d\000d\000e\000n\000\040\000S\000y\000s\000t\000e\000m\000s}{chapter.9}% 60
\BOOKMARK [0][-]{chapter.10}{\376\377\000O\000f\000\040\000t\000h\000e\000\040\000D\000e\000p\000a\000r\000t\000m\000e\000n\000t\000\040\000o\000f\000\040\000M\000i\000n\000e\000s}{}% 61
\BOOKMARK [1][-]{section.10.1}{\376\377\000T\000h\000e\000\040\000C\000h\000a\000r\000g\000e\000\040\000o\000f\000\040\000M\000i\000n\000e\000s}{chapter.10}% 62
\BOOKMARK [1][-]{section.10.2}{\376\377\000T\000h\000e\000\040\000W\000i\000n\000n\000i\000n\000g\000\040\000o\000f\000\040\000O\000r\000e}{chapter.10}% 63
\BOOKMARK [1][-]{section.10.3}{\376\377\000T\000h\000e\000\040\000T\000w\000o\000-\000H\000u\000n\000d\000r\000e\000d\000-\000F\000o\000o\000t\000\040\000R\000a\000d\000i\000u\000s}{chapter.10}% 64
\BOOKMARK [1][-]{section.10.4}{\376\377\000C\000o\000o\000r\000d\000i\000n\000a\000t\000i\000o\000n\000\040\000w\000i\000t\000h\000\040\000M\000e\000c\000h\000a\000n\000i\000c\000a\000l\000\040\000a\000n\000d\000\040\000J\000u\000d\000i\000c\000i\000a\000l}{chapter.10}% 65
\BOOKMARK [1][-]{section.10.5}{\376\377\000T\000h\000e\000\040\000T\000r\000a\000d\000e\000s\000\040\000o\000f\000\040\000M\000i\000n\000e\000s}{chapter.10}% 66
\BOOKMARK [0][-]{chapter.11}{\376\377\000O\000f\000\040\000S\000u\000p\000p\000l\000y\000,\000\040\000H\000y\000d\000r\000o\000p\000o\000n\000i\000c\000s\000,\000\040\000a\000n\000d\000\040\000t\000h\000e\000\040\000R\000a\000t\000i\000o\000n}{}% 67
\BOOKMARK [1][-]{section.11.1}{\376\377\000T\000h\000e\000\040\000C\000h\000a\000r\000g\000e\000\040\000o\000f\000\040\000S\000u\000p\000p\000l\000y}{chapter.11}% 68
\BOOKMARK [1][-]{section.11.2}{\376\377\000H\000y\000d\000r\000o\000p\000o\000n\000i\000c\000s\000\040\000a\000n\000d\000\040\000t\000h\000e\000\040\000K\000e\000e\000p\000i\000n\000g\000\040\000o\000f\000\040\000L\000i\000v\000e\000s\000t\000o\000c\000k}{chapter.11}% 69
\BOOKMARK [1][-]{section.11.3}{\376\377\000T\000h\000e\000\040\000R\000a\000t\000i\000o\000n}{chapter.11}% 70
\BOOKMARK [1][-]{section.11.4}{\376\377\000S\000t\000o\000r\000e\000s\000\040\000o\000f\000\040\000W\000a\000t\000e\000r\000\040\000a\000n\000d\000\040\000A\000i\000r}{chapter.11}% 71
\BOOKMARK [1][-]{section.11.5}{\376\377\000S\000a\000n\000c\000t\000i\000o\000n\000e\000d\000\040\000A\000n\000i\000m\000a\000l\000s\000\040\000K\000e\000p\000t\000\040\000b\000y\000\040\000C\000i\000t\000i\000z\000e\000n\000s}{chapter.11}% 72
\BOOKMARK [0][-]{chapter.12}{\376\377\000O\000f\000\040\000T\000r\000a\000d\000e\000,\000\040\000C\000h\000i\000t\000s\000,\000\040\000a\000n\000d\000\040\000C\000o\000m\000m\000e\000r\000c\000e}{}% 73
\BOOKMARK [1][-]{section.12.1}{\376\377\000T\000h\000e\000\040\000C\000h\000i\000t\000\040\000a\000n\000d\000\040\000t\000h\000e\000\040\000E\000a\000r\000n\000i\000n\000g\000\040\000o\000f\000\040\000C\000h\000i\000t\000s}{chapter.12}% 74
\BOOKMARK [1][-]{section.12.2}{\376\377\000T\000h\000e\000\040\000M\000a\000r\000k\000e\000t\000p\000l\000a\000c\000e\000\040\000a\000n\000d\000\040\000t\000h\000e\000\040\000S\000a\000l\000e\000\040\000o\000f\000\040\000G\000o\000o\000d\000s}{chapter.12}% 75
\BOOKMARK [1][-]{section.12.3}{\376\377\000T\000h\000e\000\040\000C\000h\000i\000t\000-\000K\000e\000e\000p\000e\000r\000s\000\040\000a\000n\000d\000\040\000t\000h\000e\000\040\000R\000e\000g\000u\000l\000a\000t\000i\000o\000n\000\040\000o\000f\000\040\000C\000u\000r\000r\000e\000n\000c\000y}{chapter.12}% 76
\BOOKMARK [1][-]{section.12.4}{\376\377\000P\000r\000i\000c\000e\000s\000,\000\040\000F\000a\000i\000r\000n\000e\000s\000s\000,\000\040\000a\000n\000d\000\040\000t\000h\000e\000\040\000R\000e\000g\000u\000l\000a\000t\000i\000o\000n\000\040\000o\000f\000\040\000C\000o\000m\000m\000e\000r\000c\000e}{chapter.12}% 77
\BOOKMARK [1][-]{section.12.5}{\376\377\000D\000e\000b\000t\000,\000\040\000C\000r\000e\000d\000i\000t\000,\000\040\000a\000n\000d\000\040\000t\000h\000e\000\040\000S\000e\000t\000t\000l\000i\000n\000g\000\040\000o\000f\000\040\000A\000c\000c\000o\000u\000n\000t\000s}{chapter.12}% 78
\BOOKMARK [1][-]{section.12.6}{\376\377\000T\000h\000e\000\040\000G\000o\000o\000d\000s\000\040\000a\000n\000d\000\040\000S\000e\000r\000v\000i\000c\000e\000s\000\040\000o\000f\000\040\000t\000h\000e\000\040\000S\000i\000l\000o}{chapter.12}% 79
\BOOKMARK [1][-]{section.12.7}{\376\377\000T\000h\000e\000\040\000P\000r\000o\000t\000e\000c\000t\000i\000o\000n\000\040\000o\000f\000\040\000t\000h\000e\000\040\000M\000a\000r\000k\000e\000t\000p\000l\000a\000c\000e\000\040\000a\000n\000d\000\040\000t\000h\000e\000\040\000S\000i\000l\000o\000'\000s\000\040\000T\000r\000u\000s\000t}{chapter.12}% 80
\BOOKMARK [0][-]{chapter.13}{\376\377\000O\000f\000\040\000L\000a\000b\000o\000r\000,\000\040\000S\000h\000a\000d\000o\000w\000i\000n\000g\000,\000\040\000a\000n\000d\000\040\000t\000h\000e\000\040\000A\000s\000s\000i\000g\000n\000m\000e\000n\000t}{}% 81
\BOOKMARK [1][-]{section.13.1}{\376\377\000T\000h\000e\000\040\000C\000h\000a\000r\000g\000e\000\040\000o\000f\000\040\000L\000a\000b\000o\000r\000\040\000a\000n\000d\000\040\000t\000h\000e\000\040\000P\000r\000i\000n\000c\000i\000p\000l\000e\000\040\000o\000f\000\040\000A\000s\000s\000i\000g\000n\000m\000e\000n\000t}{chapter.13}% 82
\BOOKMARK [1][-]{section.13.2}{\376\377\000T\000h\000e\000\040\000T\000e\000s\000t\000i\000n\000g\000\040\000o\000f\000\040\000A\000p\000t\000i\000t\000u\000d\000e}{chapter.13}% 83
\BOOKMARK [1][-]{section.13.3}{\376\377\000T\000h\000e\000\040\000T\000h\000r\000e\000e\000\040\000T\000i\000e\000r\000s\000\040\000o\000f\000\040\000S\000h\000a\000d\000o\000w\000i\000n\000g\000\040\000a\000n\000d\000\040\000L\000a\000b\000o\000r\000\040\000E\000n\000t\000r\000y}{chapter.13}% 84
\BOOKMARK [1][-]{section.13.4}{\376\377\000M\000u\000n\000d\000a\000n\000e\000\040\000L\000a\000b\000o\000r\000\040\000a\000n\000d\000\040\000t\000h\000e\000\040\000S\000i\000m\000p\000l\000e\000\040\000T\000r\000a\000d\000e\000s}{chapter.13}% 85
\BOOKMARK [1][-]{section.13.5}{\376\377\000S\000k\000i\000l\000l\000e\000d\000\040\000T\000r\000a\000d\000e\000s\000\040\000a\000n\000d\000\040\000F\000u\000l\000l\000\040\000S\000h\000a\000d\000o\000w\000i\000n\000g}{chapter.13}% 86
\BOOKMARK [1][-]{section.13.6}{\376\377\000C\000r\000i\000t\000i\000c\000a\000l\000\040\000R\000o\000l\000e\000s\000\040\000a\000n\000d\000\040\000O\000r\000d\000e\000r\000-\000A\000d\000j\000a\000c\000e\000n\000t\000\040\000T\000r\000a\000d\000e\000s}{chapter.13}% 87
\BOOKMARK [1][-]{section.13.7}{\376\377\000T\000h\000e\000\040\000M\000a\000n\000a\000g\000e\000m\000e\000n\000t\000\040\000o\000f\000\040\000L\000a\000b\000o\000r\000\040\000S\000u\000p\000p\000l\000y\000\040\000a\000n\000d\000\040\000C\000i\000t\000i\000z\000e\000n\000\040\000A\000s\000s\000i\000g\000n\000m\000e\000n\000t}{chapter.13}% 88
\BOOKMARK [1][-]{section.13.8}{\376\377\000R\000e\000a\000s\000s\000i\000g\000n\000m\000e\000n\000t\000,\000\040\000R\000e\000t\000i\000r\000e\000m\000e\000n\000t\000,\000\040\000a\000n\000d\000\040\000t\000h\000e\000\040\000M\000a\000n\000a\000g\000e\000m\000e\000n\000t\000\040\000o\000f\000\040\000C\000h\000a\000n\000g\000e}{chapter.13}% 89
\BOOKMARK [1][-]{section.13.9}{\376\377\000T\000h\000e\000\040\000R\000i\000g\000h\000t\000s\000\040\000a\000n\000d\000\040\000D\000u\000t\000i\000e\000s\000\040\000o\000f\000\040\000t\000h\000e\000\040\000S\000h\000a\000d\000o\000w\000e\000d}{chapter.13}% 90
\BOOKMARK [0][-]{chapter.14}{\376\377\000O\000f\000\040\000H\000o\000u\000s\000i\000n\000g\000\040\000a\000n\000d\000\040\000t\000h\000e\000\040\000F\000l\000o\000o\000r\000s}{}% 91
\BOOKMARK [1][-]{section.14.1}{\376\377\000T\000h\000e\000\040\000C\000h\000a\000r\000g\000e\000\040\000o\000f\000\040\000H\000o\000u\000s\000i\000n\000g\000\040\000a\000n\000d\000\040\000t\000h\000e\000\040\000D\000i\000s\000t\000r\000i\000b\000u\000t\000i\000o\000n\000\040\000o\000f\000\040\000Q\000u\000a\000r\000t\000e\000r\000s}{chapter.14}% 92
\BOOKMARK [1][-]{section.14.2}{\376\377\000T\000h\000e\000\040\000Z\000o\000n\000e\000s\000\040\000a\000n\000d\000\040\000t\000h\000e\000\040\000D\000i\000v\000i\000s\000i\000o\000n\000\040\000o\000f\000\040\000t\000h\000e\000\040\000S\000i\000l\000o}{chapter.14}% 93
\BOOKMARK [1][-]{section.14.3}{\376\377\000T\000h\000e\000\040\000K\000e\000e\000p\000i\000n\000g\000\040\000o\000f\000\040\000D\000w\000e\000l\000l\000i\000n\000g\000\040\000Q\000u\000a\000r\000t\000e\000r\000s}{chapter.14}% 94
\BOOKMARK [1][-]{section.14.4}{\376\377\000T\000h\000e\000\040\000P\000r\000i\000v\000a\000c\000y\000\040\000o\000f\000\040\000D\000w\000e\000l\000l\000i\000n\000g\000\040\000Q\000u\000a\000r\000t\000e\000r\000s\000\040\000a\000n\000d\000\040\000t\000h\000e\000\040\000L\000i\000m\000i\000t\000s\000\040\000o\000f\000\040\000S\000e\000a\000r\000c\000h}{chapter.14}% 95
\BOOKMARK [1][-]{section.14.5}{\376\377\000H\000o\000u\000s\000i\000n\000g\000\040\000a\000n\000d\000\040\000t\000h\000e\000\040\000E\000q\000u\000a\000l\000i\000t\000y\000\040\000o\000f\000\040\000C\000i\000t\000i\000z\000e\000n\000s}{chapter.14}% 96
\BOOKMARK [0][-]{chapter.15}{\376\377\000O\000f\000\040\000S\000c\000h\000o\000o\000l\000i\000n\000g\000\040\000a\000n\000d\000\040\000t\000h\000e\000\040\000T\000e\000a\000c\000h\000i\000n\000g\000\040\000o\000f\000\040\000t\000h\000e\000\040\000Y\000o\000u\000n\000g}{}% 97
\BOOKMARK [1][-]{section.15.1}{\376\377\000T\000h\000e\000\040\000C\000h\000a\000r\000g\000e\000\040\000o\000f\000\040\000S\000c\000h\000o\000o\000l\000i\000n\000g}{chapter.15}% 98
\BOOKMARK [1][-]{section.15.2}{\376\377\000T\000h\000e\000\040\000A\000g\000e\000s\000\040\000o\000f\000\040\000I\000n\000s\000t\000r\000u\000c\000t\000i\000o\000n}{chapter.15}% 99
\BOOKMARK [1][-]{section.15.3}{\376\377\000T\000h\000e\000\040\000F\000o\000u\000n\000d\000i\000n\000g\000\040\000a\000n\000d\000\040\000t\000h\000e\000\040\000L\000i\000m\000i\000t\000s\000\040\000o\000f\000\040\000I\000n\000s\000t\000r\000u\000c\000t\000i\000o\000n}{chapter.15}% 100
\BOOKMARK [1][-]{section.15.4}{\376\377\000T\000h\000e\000\040\000T\000e\000a\000c\000h\000e\000r\000s\000\040\000o\000f\000\040\000t\000h\000e\000\040\000Y\000o\000u\000n\000g}{chapter.15}% 101
\BOOKMARK [1][-]{section.15.5}{\376\377\000T\000h\000e\000\040\000C\000o\000u\000r\000s\000e\000\040\000o\000f\000\040\000S\000t\000u\000d\000y}{chapter.15}% 102
\BOOKMARK [1][-]{section.15.6}{\376\377\000A\000p\000t\000i\000t\000u\000d\000e\000,\000\040\000t\000h\000e\000\040\000A\000p\000p\000r\000o\000a\000c\000h\000\040\000o\000f\000\040\000M\000a\000j\000o\000r\000i\000t\000y\000,\000\040\000a\000n\000d\000\040\000t\000h\000e\000\040\000P\000a\000s\000s\000a\000g\000e\000\040\000i\000n\000t\000o\000\040\000L\000a\000b\000o\000r}{chapter.15}% 103
\BOOKMARK [1][-]{section.15.7}{\376\377\000T\000h\000e\000\040\000C\000o\000r\000r\000e\000c\000t\000i\000o\000n\000\040\000a\000n\000d\000\040\000W\000e\000l\000l\000b\000e\000i\000n\000g\000\040\000o\000f\000\040\000C\000h\000i\000l\000d\000r\000e\000n}{chapter.15}% 104
\BOOKMARK [1][-]{section.15.8}{\376\377\000R\000e\000c\000o\000r\000d\000s\000\040\000o\000f\000\040\000S\000c\000h\000o\000o\000l\000i\000n\000g\000\040\000a\000n\000d\000\040\000A\000t\000t\000e\000n\000d\000a\000n\000c\000e}{chapter.15}% 105
\BOOKMARK [0][-]{chapter.16}{\376\377\000O\000f\000\040\000P\000u\000b\000l\000i\000c\000\040\000O\000r\000d\000e\000r\000\040\000a\000n\000d\000\040\000F\000o\000r\000b\000i\000d\000d\000e\000n\000\040\000S\000p\000e\000e\000c\000h}{}% 106
\BOOKMARK [1][-]{section.16.1}{\376\377\000T\000h\000e\000\040\000F\000o\000r\000b\000i\000d\000d\000e\000n\000\040\000W\000o\000r\000d}{chapter.16}% 107
\BOOKMARK [1][-]{section.16.2}{\376\377\000R\000u\000m\000o\000r\000,\000\040\000D\000e\000s\000p\000a\000i\000r\000,\000\040\000a\000n\000d\000\040\000t\000h\000e\000\040\000S\000p\000r\000e\000a\000d\000\040\000o\000f\000\040\000D\000i\000s\000c\000o\000n\000t\000e\000n\000t}{chapter.16}% 108
\BOOKMARK [1][-]{section.16.3}{\376\377\000F\000a\000l\000s\000e\000\040\000T\000e\000a\000c\000h\000i\000n\000g\000\040\000o\000f\000\040\000t\000h\000e\000\040\000F\000o\000u\000n\000d\000i\000n\000g\000\040\000a\000n\000d\000\040\000t\000h\000e\000\040\000P\000a\000s\000t}{chapter.16}% 109
\BOOKMARK [1][-]{section.16.4}{\376\377\000R\000e\000l\000i\000c\000s\000\040\000o\000f\000\040\000t\000h\000e\000\040\000T\000i\000m\000e\000\040\000B\000e\000f\000o\000r\000e}{chapter.16}% 110
\BOOKMARK [1][-]{section.16.5}{\376\377\000R\000e\000s\000t\000r\000i\000c\000t\000e\000d\000\040\000I\000n\000s\000t\000r\000u\000m\000e\000n\000t\000s\000\040\000a\000n\000d\000\040\000D\000e\000v\000i\000c\000e\000s}{chapter.16}% 111
\BOOKMARK [1][-]{section.16.6}{\376\377\000T\000a\000m\000p\000e\000r\000i\000n\000g\000\040\000w\000i\000t\000h\000\040\000S\000u\000r\000v\000e\000i\000l\000l\000a\000n\000c\000e\000\040\000a\000n\000d\000\040\000M\000o\000n\000i\000t\000o\000r\000i\000n\000g\000\040\000S\000y\000s\000t\000e\000m\000s}{chapter.16}% 112
\BOOKMARK [0][-]{chapter.17}{\376\377\000O\000f\000\040\000C\000r\000i\000m\000e\000s\000\040\000a\000n\000d\000\040\000T\000h\000e\000i\000r\000\040\000P\000u\000n\000i\000s\000h\000m\000e\000n\000t\000s}{}% 113
\BOOKMARK [1][-]{section.17.1}{\376\377\000T\000h\000e\000\040\000T\000h\000r\000e\000e\000\040\000M\000e\000a\000s\000u\000r\000e\000s\000\040\000o\000f\000\040\000C\000o\000r\000r\000e\000c\000t\000i\000o\000n}{chapter.17}% 114
\BOOKMARK [1][-]{section.17.2}{\376\377\000T\000h\000e\000\040\000G\000r\000a\000c\000e\000\040\000o\000f\000\040\000a\000\040\000F\000i\000r\000s\000t\000\040\000O\000f\000f\000e\000n\000s\000e}{chapter.17}% 115
\BOOKMARK [1][-]{section.17.3}{\376\377\000O\000f\000f\000e\000n\000s\000e\000s\000\040\000A\000n\000s\000w\000e\000r\000e\000d\000\040\000b\000y\000\040\000t\000h\000e\000\040\000M\000i\000n\000e\000s}{chapter.17}% 116
\BOOKMARK [1][-]{section.17.4}{\376\377\000O\000f\000f\000e\000n\000s\000e\000s\000\040\000A\000m\000o\000n\000g\000\040\000t\000h\000e\000\040\000G\000r\000a\000v\000e\000s\000t}{chapter.17}% 117
\BOOKMARK [1][-]{section.17.5}{\376\377\000O\000f\000f\000e\000n\000s\000e\000s\000\040\000A\000g\000a\000i\000n\000s\000t\000\040\000A\000n\000o\000t\000h\000e\000r\000\040\000C\000i\000t\000i\000z\000e\000n}{chapter.17}% 118
\BOOKMARK [0][-]{chapter.18}{\376\377\000O\000f\000\040\000t\000h\000e\000\040\000C\000l\000e\000a\000n\000i\000n\000g}{}% 119
\BOOKMARK [1][-]{section.18.1}{\376\377\000T\000h\000e\000\040\000R\000e\000q\000u\000e\000s\000t\000\040\000a\000n\000d\000\040\000t\000h\000e\000\040\000R\000i\000g\000h\000t\000\040\000o\000f\000\040\000a\000\040\000C\000i\000t\000i\000z\000e\000n}{chapter.18}% 120
\BOOKMARK [1][-]{section.18.2}{\376\377\000T\000h\000e\000\040\000O\000b\000l\000i\000g\000a\000t\000i\000o\000n\000\040\000t\000o\000\040\000C\000l\000e\000a\000n\000\040\000a\000n\000d\000\040\000t\000h\000e\000\040\000S\000e\000n\000t\000e\000n\000c\000i\000n\000g\000\040\000t\000o\000\040\000C\000l\000e\000a\000n\000i\000n\000g}{chapter.18}% 121
\BOOKMARK [1][-]{section.18.3}{\376\377\000T\000h\000e\000\040\000S\000u\000i\000t\000s\000\040\000a\000n\000d\000\040\000t\000h\000e\000\040\000S\000e\000a\000l\000s}{chapter.18}% 122
\BOOKMARK [1][-]{section.18.4}{\376\377\000T\000h\000e\000\040\000A\000i\000r\000l\000o\000c\000k\000\040\000a\000n\000d\000\040\000t\000h\000e\000\040\000D\000e\000p\000a\000r\000t\000u\000r\000e}{chapter.18}% 123
\BOOKMARK [1][-]{section.18.5}{\376\377\000T\000h\000e\000\040\000P\000u\000b\000l\000i\000c\000\040\000W\000i\000t\000n\000e\000s\000s\000i\000n\000g\000\040\000o\000f\000\040\000a\000\040\000C\000l\000e\000a\000n\000i\000n\000g}{chapter.18}% 124
\BOOKMARK [1][-]{section.18.6}{\376\377\000T\000h\000e\000\040\000R\000i\000t\000u\000a\000l\000\040\000a\000n\000d\000\040\000t\000h\000e\000\040\000M\000e\000a\000n\000i\000n\000g}{chapter.18}% 125
\BOOKMARK [0][-]{chapter.19}{\376\377\000O\000f\000\040\000H\000e\000a\000l\000t\000h\000,\000\040\000t\000h\000e\000\040\000I\000n\000f\000i\000r\000m\000a\000r\000y\000,\000\040\000a\000n\000d\000\040\000t\000h\000e\000\040\000M\000i\000n\000d}{}% 126
\BOOKMARK [1][-]{section.19.1}{\376\377\000T\000h\000e\000\040\000C\000h\000a\000r\000g\000e\000\040\000a\000n\000d\000\040\000t\000h\000e\000\040\000P\000h\000y\000s\000i\000c\000i\000a\000n\000s}{chapter.19}% 127
\BOOKMARK [1][-]{section.19.2}{\376\377\000M\000a\000n\000d\000a\000t\000o\000r\000y\000\040\000C\000a\000r\000e\000\040\000a\000n\000d\000\040\000t\000h\000e\000\040\000K\000e\000e\000p\000i\000n\000g\000\040\000o\000f\000\040\000H\000e\000a\000l\000t\000h}{chapter.19}% 128
\BOOKMARK [1][-]{section.19.3}{\376\377\000C\000o\000m\000m\000u\000n\000i\000c\000a\000b\000l\000e\000\040\000I\000l\000l\000n\000e\000s\000s\000\040\000a\000n\000d\000\040\000t\000h\000e\000\040\000I\000s\000o\000l\000a\000t\000i\000o\000n\000\040\000o\000f\000\040\000t\000h\000e\000\040\000S\000i\000c\000k}{chapter.19}% 129
\BOOKMARK [1][-]{section.19.4}{\376\377\000D\000e\000a\000t\000h\000\040\000a\000n\000d\000\040\000t\000h\000e\000\040\000D\000e\000t\000e\000r\000m\000i\000n\000a\000t\000i\000o\000n\000\040\000o\000f\000\040\000C\000a\000u\000s\000e}{chapter.19}% 130
\BOOKMARK [1][-]{section.19.5}{\376\377\000R\000e\000t\000i\000r\000e\000m\000e\000n\000t\000\040\000a\000n\000d\000\040\000t\000h\000e\000\040\000C\000a\000r\000e\000\040\000o\000f\000\040\000t\000h\000e\000\040\000A\000g\000e\000d\000\040\000a\000n\000d\000\040\000I\000n\000f\000i\000r\000m}{chapter.19}% 131
\BOOKMARK [1][-]{section.19.6}{\376\377\000P\000h\000y\000s\000i\000c\000i\000a\000n\000s\000'\000\040\000J\000u\000d\000g\000m\000e\000n\000t\000\040\000a\000n\000d\000\040\000A\000t\000-\000R\000i\000s\000k\000\040\000R\000e\000f\000e\000r\000r\000a\000l}{chapter.19}% 132
\BOOKMARK [1][-]{section.19.7}{\376\377\000F\000i\000t\000n\000e\000s\000s\000\040\000f\000o\000r\000\040\000C\000r\000i\000t\000i\000c\000a\000l\000\040\000R\000o\000l\000e\000s\000\040\000a\000n\000d\000\040\000t\000h\000e\000\040\000S\000y\000n\000d\000r\000o\000m\000e}{chapter.19}% 133
\BOOKMARK [0][-]{chapter.20}{\376\377\000O\000f\000\040\000A\000s\000s\000e\000m\000b\000l\000y\000\040\000a\000n\000d\000\040\000t\000h\000e\000\040\000C\000o\000m\000m\000o\000n\000\040\000H\000a\000l\000l\000s}{}% 134
\BOOKMARK [1][-]{section.20.1}{\376\377\000T\000h\000e\000\040\000A\000s\000s\000e\000m\000b\000l\000y\000\040\000o\000f\000\040\000C\000i\000t\000i\000z\000e\000n\000s}{chapter.20}% 135
\BOOKMARK [1][-]{section.20.2}{\376\377\000T\000h\000e\000\040\000C\000o\000m\000m\000o\000n\000\040\000H\000a\000l\000l\000s\000\040\000a\000n\000d\000\040\000t\000h\000e\000\040\000G\000a\000t\000h\000e\000r\000i\000n\000g}{chapter.20}% 136
\BOOKMARK [1][-]{section.20.3}{\376\377\000T\000h\000e\000\040\000H\000e\000a\000r\000i\000n\000g\000\040\000B\000e\000f\000o\000r\000e\000\040\000t\000h\000e\000\040\000A\000s\000s\000e\000m\000b\000l\000y}{chapter.20}% 137
\BOOKMARK [1][-]{section.20.4}{\376\377\000T\000h\000e\000\040\000A\000s\000s\000e\000m\000b\000l\000y\000'\000s\000\040\000P\000o\000w\000e\000r\000s\000\040\000o\000f\000\040\000C\000o\000n\000f\000i\000r\000m\000a\000t\000i\000o\000n\000\040\000a\000n\000d\000\040\000R\000e\000m\000o\000v\000a\000l}{chapter.20}% 138
\BOOKMARK [1][-]{section.20.5}{\376\377\000T\000h\000e\000\040\000A\000m\000e\000n\000d\000m\000e\000n\000t\000\040\000o\000f\000\040\000T\000h\000i\000s\000\040\000P\000a\000c\000t}{chapter.20}% 139
\BOOKMARK [0][-]{chapter.21}{\376\377\000O\000f\000\040\000R\000e\000c\000o\000r\000d\000s\000,\000\040\000P\000o\000r\000t\000e\000r\000s\000,\000\040\000a\000n\000d\000\040\000t\000h\000e\000\040\000P\000o\000s\000t}{}% 140
\BOOKMARK [1][-]{section.21.1}{\376\377\000T\000h\000e\000\040\000K\000e\000e\000p\000i\000n\000g\000\040\000o\000f\000\040\000R\000e\000c\000o\000r\000d\000s}{chapter.21}% 141
\BOOKMARK [1][-]{section.21.2}{\376\377\000T\000h\000e\000\040\000P\000o\000r\000t\000e\000r\000s\000\040\000a\000n\000d\000\040\000t\000h\000e\000\040\000C\000a\000r\000r\000y\000i\000n\000g\000\040\000o\000f\000\040\000W\000o\000r\000d}{chapter.21}% 142
\BOOKMARK [1][-]{section.21.3}{\376\377\000T\000h\000e\000\040\000P\000o\000s\000t\000\040\000a\000n\000d\000\040\000t\000h\000e\000\040\000R\000a\000d\000i\000o\000\040\000C\000o\000m\000m\000u\000n\000i\000c\000a\000t\000i\000o\000n\000s}{chapter.21}% 143
\BOOKMARK [1][-]{section.21.4}{\376\377\000T\000h\000e\000\040\000F\000r\000e\000i\000g\000h\000t\000\040\000L\000i\000f\000t\000\040\000L\000o\000g}{chapter.21}% 144
\BOOKMARK [1][-]{section.21.5}{\376\377\000T\000h\000e\000\040\000A\000m\000e\000n\000d\000m\000e\000n\000t\000\040\000L\000o\000g}{chapter.21}% 145
\BOOKMARK [0][-]{chapter.22}{\376\377\000O\000f\000\040\000E\000m\000e\000r\000g\000e\000n\000c\000y\000\040\000a\000n\000d\000\040\000t\000h\000e\000\040\000S\000u\000s\000p\000e\000n\000s\000i\000o\000n\000\040\000o\000f\000\040\000O\000r\000d\000i\000n\000a\000r\000y\000\040\000L\000a\000w}{}% 146
\BOOKMARK [1][-]{section.22.1}{\376\377\000T\000h\000e\000\040\000D\000e\000c\000l\000a\000r\000a\000t\000i\000o\000n\000\040\000o\000f\000\040\000E\000m\000e\000r\000g\000e\000n\000c\000y}{chapter.22}% 147
\BOOKMARK [1][-]{section.22.2}{\376\377\000T\000h\000e\000\040\000G\000r\000e\000e\000n\000\040\000L\000i\000s\000t\000\040\000a\000n\000d\000\040\000E\000m\000e\000r\000g\000e\000n\000c\000y\000\040\000P\000r\000o\000t\000o\000c\000o\000l}{chapter.22}% 148
\BOOKMARK [1][-]{section.22.3}{\376\377\000T\000h\000e\000\040\000D\000u\000r\000a\000t\000i\000o\000n\000\040\000a\000n\000d\000\040\000t\000h\000e\000\040\000E\000n\000d\000\040\000o\000f\000\040\000E\000m\000e\000r\000g\000e\000n\000c\000y}{chapter.22}% 149
\BOOKMARK [1][-]{section.22.4}{\376\377\000E\000m\000e\000r\000g\000e\000n\000c\000y\000\040\000a\000n\000d\000\040\000t\000h\000e\000\040\000E\000x\000t\000r\000a\000o\000r\000d\000i\000n\000a\000r\000y\000\040\000S\000u\000s\000p\000e\000n\000s\000i\000o\000n\000\040\000o\000f\000\040\000A\000r\000t\000i\000c\000l\000e\000\040\0001\0008}{chapter.22}% 150
\BOOKMARK [1][-]{section.22.5}{\376\377\000T\000h\000e\000\040\000N\000e\000c\000e\000s\000s\000i\000t\000y\000\040\000a\000n\000d\000\040\000t\000h\000e\000\040\000R\000e\000s\000t\000r\000a\000i\000n\000t}{chapter.22}% 151
\BOOKMARK [0][-]{chapter.23}{\376\377\000O\000f\000\040\000A\000m\000e\000n\000d\000m\000e\000n\000t\000\040\000a\000n\000d\000\040\000t\000h\000e\000\040\000C\000o\000n\000t\000i\000n\000u\000a\000n\000c\000e\000\040\000o\000f\000\040\000t\000h\000e\000\040\000P\000a\000c\000t}{}% 152
\BOOKMARK [1][-]{section.23.1}{\376\377\000T\000h\000e\000\040\000P\000r\000o\000c\000e\000s\000s\000\040\000o\000f\000\040\000A\000m\000e\000n\000d\000m\000e\000n\000t}{chapter.23}% 153
\BOOKMARK [1][-]{section.23.2}{\376\377\000T\000h\000e\000\040\000L\000i\000m\000i\000t\000s\000\040\000o\000n\000\040\000A\000m\000e\000n\000d\000m\000e\000n\000t}{chapter.23}% 154
\BOOKMARK [1][-]{section.23.3}{\376\377\000T\000h\000e\000\040\000A\000m\000e\000n\000d\000m\000e\000n\000t\000\040\000L\000o\000g}{chapter.23}% 155
\BOOKMARK [1][-]{section.23.4}{\376\377\000T\000h\000e\000\040\000C\000o\000n\000t\000i\000n\000u\000a\000n\000c\000e\000\040\000a\000n\000d\000\040\000t\000h\000e\000\040\000R\000e\000n\000e\000w\000a\000l\000\040\000o\000f\000\040\000t\000h\000e\000\040\000P\000a\000c\000t}{chapter.23}% 156
\BOOKMARK [0][-]{chapter.A}{\376\377\000A\000m\000e\000n\000d\000m\000e\000n\000t\000\040\000L\000o\000g}{}% 157
