This is pdfTeX, Version 3.141592653-2.6-1.40.29 (TeX Live 2026) (preloaded format=pdflatex 2026.8.28)  4 SEP 2026 18:28
entering extended mode
 restricted \write18 enabled.
 %&-line parsing enabled.
**main-classic.tex
(./main-classic.tex
LaTeX2e <2025-11-01>
L3 programming layer <2026-03-20>
(/usr/share/texlive/texmf-dist/tex/latex/base/book.cls
Document Class: book 2025/01/22 v1.4n Standard LaTeX document class
(/usr/share/texlive/texmf-dist/tex/latex/base/bk10.clo
File: bk10.clo 2025/01/22 v1.4n Standard LaTeX file (size option)
)
\c@part=\count275
\c@chapter=\count276
\c@section=\count277
\c@subsection=\count278
\c@subsubsection=\count279
\c@paragraph=\count280
\c@subparagraph=\count281
\c@figure=\count282
\c@table=\count283
\abovecaptionskip=\skip49
\belowcaptionskip=\skip50
\bibindent=\dimen150
) (./pact-classic.sty
Package: pact-classic 2026/09/01 Formatting for The Pact (classic style)

(/usr/share/texlive/texmf-dist/tex/latex-dev/tools/calc.sty
Package: calc 2025/03/01 v4.3b Infix arithmetic (KKT,FJ)
\calc@Acount=\count284
\calc@Bcount=\count285
\calc@Adimen=\dimen151
\calc@Bdimen=\dimen152
\calc@Askip=\skip51
\calc@Bskip=\skip52
LaTeX Info: Redefining \setlength on input line 86.
LaTeX Info: Redefining \addtolength on input line 87.
\calc@Ccount=\count286
\calc@Cskip=\skip53
)
(/usr/share/texlive/texmf-dist/tex/latex/lm/lmodern.sty
Package: lmodern 2015/05/01 v1.6.1 Latin Modern Fonts
LaTeX Font Info:    Overwriting symbol font `operators' in version `normal'
(Font)                  OT1/cmr/m/n --> OT1/lmr/m/n on input line 22.
LaTeX Font Info:    Overwriting symbol font `letters' in version `normal'
(Font)                  OML/cmm/m/it --> OML/lmm/m/it on input line 23.
LaTeX Font Info:    Overwriting symbol font `symbols' in version `normal'
(Font)                  OMS/cmsy/m/n --> OMS/lmsy/m/n on input line 24.
LaTeX Font Info:    Overwriting symbol font `largesymbols' in version `normal'
(Font)                  OMX/cmex/m/n --> OMX/lmex/m/n on input line 25.
LaTeX Font Info:    Overwriting symbol font `operators' in version `bold'
(Font)                  OT1/cmr/bx/n --> OT1/lmr/bx/n on input line 26.
LaTeX Font Info:    Overwriting symbol font `letters' in version `bold'
(Font)                  OML/cmm/b/it --> OML/lmm/b/it on input line 27.
LaTeX Font Info:    Overwriting symbol font `symbols' in version `bold'
(Font)                  OMS/cmsy/b/n --> OMS/lmsy/b/n on input line 28.
LaTeX Font Info:    Overwriting symbol font `largesymbols' in version `bold'
(Font)                  OMX/cmex/m/n --> OMX/lmex/m/n on input line 29.
LaTeX Font Info:    Overwriting math alphabet `\mathbf' in version `normal'
(Font)                  OT1/cmr/bx/n --> OT1/lmr/bx/n on input line 31.
LaTeX Font Info:    Overwriting math alphabet `\mathsf' in version `normal'
(Font)                  OT1/cmss/m/n --> OT1/lmss/m/n on input line 32.
LaTeX Font Info:    Overwriting math alphabet `\mathit' in version `normal'
(Font)                  OT1/cmr/m/it --> OT1/lmr/m/it on input line 33.
LaTeX Font Info:    Overwriting math alphabet `\mathtt' in version `normal'
(Font)                  OT1/cmtt/m/n --> OT1/lmtt/m/n on input line 34.
LaTeX Font Info:    Overwriting math alphabet `\mathbf' in version `bold'
(Font)                  OT1/cmr/bx/n --> OT1/lmr/bx/n on input line 35.
LaTeX Font Info:    Overwriting math alphabet `\mathsf' in version `bold'
(Font)                  OT1/cmss/bx/n --> OT1/lmss/bx/n on input line 36.
LaTeX Font Info:    Overwriting math alphabet `\mathit' in version `bold'
(Font)                  OT1/cmr/bx/it --> OT1/lmr/bx/it on input line 37.
LaTeX Font Info:    Overwriting math alphabet `\mathtt' in version `bold'
(Font)                  OT1/cmtt/m/n --> OT1/lmtt/m/n on input line 38.
)
(/usr/share/texlive/texmf-dist/tex/latex-dev/tools/longtable.sty
Package: longtable 2026-01-28 v4.27 Multi-page Table package (DPC)
\LTleft=\skip54
\LTright=\skip55
\LTpre=\skip56
\LTpost=\skip57
\LTchunksize=\count287
\LTcapwidth=\dimen153
\LT@head=\box53
\LT@firsthead=\box54
\LT@foot=\box55
\LT@lastfoot=\box56
\LT@gbox=\box57
\LT@cols=\count288
\LT@rows=\count289
\c@LT@tables=\count290
\c@LT@chunks=\count291
\LT@p@ftn=\toks17
))
(/usr/share/texlive/texmf-dist/tex/latex/hyperref/hyperref.sty
Package: hyperref 2026-04-24 v7.01q Hypertext links for LaTeX

(/usr/share/texlive/texmf-dist/tex/generic/iftex/iftex.sty
Package: iftex 2024/12/12 v1.0g TeX engine tests
)
(/usr/share/texlive/texmf-dist/tex/latex/graphics/keyval.sty
Package: keyval 2022/05/29 v1.15 key=value parser (DPC)
\KV@toks@=\toks18
)
(/usr/share/texlive/texmf-dist/tex/latex/kvsetkeys/kvsetkeys.sty
Package: kvsetkeys 2022-10-05 v1.19 Key value parser (HO)
)
(/usr/share/texlive/texmf-dist/tex/generic/kvdefinekeys/kvdefinekeys.sty
Package: kvdefinekeys 2019-12-19 v1.6 Define keys (HO)
)
(/usr/share/texlive/texmf-dist/tex/generic/pdfescape/pdfescape.sty
Package: pdfescape 2019/12/09 v1.15 Implements pdfTeX's escape features (HO)

(/usr/share/texlive/texmf-dist/tex/generic/ltxcmds/ltxcmds.sty
Package: ltxcmds 2023-12-04 v1.26 LaTeX kernel commands for general use (HO)
)
(/usr/share/texlive/texmf-dist/tex/generic/pdftexcmds/pdftexcmds.sty
Package: pdftexcmds 2020-06-27 v0.33 Utility functions of pdfTeX for LuaTeX (HO
)

(/usr/share/texlive/texmf-dist/tex/generic/infwarerr/infwarerr.sty
Package: infwarerr 2019/12/03 v1.5 Providing info/warning/error messages (HO)
)
Package pdftexcmds Info: \pdf@primitive is available.
Package pdftexcmds Info: \pdf@ifprimitive is available.
Package pdftexcmds Info: \pdfdraftmode found.
))
(/usr/share/texlive/texmf-dist/tex/latex/hycolor/hycolor.sty
Package: hycolor 2020-01-27 v1.10 Color options for hyperref/bookmark (HO)
)
(/usr/share/texlive/texmf-dist/tex/latex/hyperref/nameref.sty
Package: nameref 2026-01-29 v2.58 Cross-referencing by name of section

(/usr/share/texlive/texmf-dist/tex/latex/refcount/refcount.sty
Package: refcount 2019/12/15 v3.6 Data extraction from label references (HO)
)
(/usr/share/texlive/texmf-dist/tex/generic/gettitlestring/gettitlestring.sty
Package: gettitlestring 2019/12/15 v1.6 Cleanup title references (HO)

(/usr/share/texlive/texmf-dist/tex/latex/kvoptions/kvoptions.sty
Package: kvoptions 2022-06-15 v3.15 Key value format for package options (HO)
))
\c@section@level=\count292
)
(/usr/share/texlive/texmf-dist/tex/latex/etoolbox/etoolbox.sty
Package: etoolbox 2025/10/02 v2.5m e-TeX tools for LaTeX (JAW)
\etb@tempcnta=\count293
)
(/usr/share/texlive/texmf-dist/tex/generic/stringenc/stringenc.sty
Package: stringenc 2019/11/29 v1.12 Convert strings between diff. encodings (HO
)
)
\@linkdim=\dimen154
\Hy@linkcounter=\count294
\Hy@pagecounter=\count295

(/usr/share/texlive/texmf-dist/tex/latex/hyperref/pd1enc.def
File: pd1enc.def 2026-04-24 v7.01q Hyperref: PDFDocEncoding definition (HO)
Now handling font encoding PD1 ...
... no UTF-8 mapping file for font encoding PD1
)
(/usr/share/texlive/texmf-dist/tex/generic/intcalc/intcalc.sty
Package: intcalc 2019/12/15 v1.3 Expandable calculations with integers (HO)
)
\Hy@SavedSpaceFactor=\count296

(/usr/share/texlive/texmf-dist/tex/latex/hyperref/puenc.def
File: puenc.def 2026-04-24 v7.01q Hyperref: PDF Unicode definition (HO)
Now handling font encoding PU ...
... no UTF-8 mapping file for font encoding PU
)
Package hyperref Info: Hyper figures OFF on input line 4199.
Package hyperref Info: Link nesting OFF on input line 4204.
Package hyperref Info: Hyper index ON on input line 4207.
Package hyperref Info: Plain pages OFF on input line 4214.
Package hyperref Info: Backreferencing OFF on input line 4219.
Package hyperref Info: Implicit mode ON; LaTeX internals redefined.
Package hyperref Info: Bookmarks ON on input line 4466.
\c@Hy@tempcnt=\count297

(/usr/share/texlive/texmf-dist/tex/latex/url/url.sty
\Urlmuskip=\muskip17
Package: url 2013/09/16  ver 3.4  Verb mode for urls, etc.
)
LaTeX Info: Redefining \url on input line 4805.
\XeTeXLinkMargin=\dimen155

(/usr/share/texlive/texmf-dist/tex/generic/bitset/bitset.sty
Package: bitset 2019/12/09 v1.3 Handle bit-vector datatype (HO)

(/usr/share/texlive/texmf-dist/tex/generic/bigintcalc/bigintcalc.sty
Package: bigintcalc 2019/12/15 v1.5 Expandable calculations on big integers (HO
)
))
\Fld@menulength=\count298
\Field@Width=\dimen156
\Fld@charsize=\dimen157
Package hyperref Info: Hyper figures OFF on input line 6091.
Package hyperref Info: Link nesting OFF on input line 6096.
Package hyperref Info: Hyper index ON on input line 6099.
Package hyperref Info: backreferencing OFF on input line 6106.
Package hyperref Info: Link coloring OFF on input line 6111.
Package hyperref Info: Link coloring with OCG OFF on input line 6116.
Package hyperref Info: PDF/A mode OFF on input line 6121.
\Hy@abspage=\count299
\c@Item=\count300
\c@Hfootnote=\count301
)
Package hyperref Info: Driver (autodetected): hpdftex.

(/usr/share/texlive/texmf-dist/tex/latex/hyperref/hpdftex.def
File: hpdftex.def 2026-04-24 v7.01q Hyperref driver for pdfTeX
\Fld@listcount=\count302
\c@bookmark@seq@number=\count303

(/usr/share/texlive/texmf-dist/tex/latex/rerunfilecheck/rerunfilecheck.sty
Package: rerunfilecheck 2025-06-21 v1.11 Rerun checks for auxiliary files (HO)

(/usr/share/texlive/texmf-dist/tex/generic/uniquecounter/uniquecounter.sty
Package: uniquecounter 2019/12/15 v1.4 Provide unlimited unique counter (HO)
)
Package uniquecounter Info: New unique counter `rerunfilecheck' on input line 2
84.
)
\Hy@SectionHShift=\skip58
)
LaTeX Font Info:    Trying to load font information for OT1+lmr on input line 9
.

(/usr/share/texlive/texmf-dist/tex/latex/lm/ot1lmr.fd
File: ot1lmr.fd 2015/05/01 v1.6.1 Font defs for Latin Modern
)
(/usr/share/texlive/texmf-dist/tex/latex/l3backend/l3backend-pdftex.def
File: l3backend-pdftex.def 2026-02-18 L3 backend support: PDF output (pdfTeX)
\l__color_backend_stack_int=\count304
)
(./main-classic.aux)
\openout1 = `main-classic.aux'.

LaTeX Font Info:    Checking defaults for OML/cmm/m/it on input line 9.
LaTeX Font Info:    ... okay on input line 9.
LaTeX Font Info:    Checking defaults for OMS/cmsy/m/n on input line 9.
LaTeX Font Info:    ... okay on input line 9.
LaTeX Font Info:    Checking defaults for OT1/cmr/m/n on input line 9.
LaTeX Font Info:    ... okay on input line 9.
LaTeX Font Info:    Checking defaults for T1/cmr/m/n on input line 9.
LaTeX Font Info:    ... okay on input line 9.
LaTeX Font Info:    Checking defaults for TS1/cmr/m/n on input line 9.
LaTeX Font Info:    ... okay on input line 9.
LaTeX Font Info:    Checking defaults for OMX/cmex/m/n on input line 9.
LaTeX Font Info:    ... okay on input line 9.
LaTeX Font Info:    Checking defaults for U/cmr/m/n on input line 9.
LaTeX Font Info:    ... okay on input line 9.
LaTeX Font Info:    Checking defaults for PD1/pdf/m/n on input line 9.
LaTeX Font Info:    ... okay on input line 9.
LaTeX Font Info:    Checking defaults for PU/pdf/m/n on input line 9.
LaTeX Font Info:    ... okay on input line 9.
Package hyperref Info: Link coloring OFF on input line 9.
 (./main-classic.out) (./main-classic.out)
\@outlinefile=\write3
\openout3 = `main-classic.out'.


(./frontmatter/titlepage-classic.tex [1



{/var/lib/texmf/fonts/map/pdftex/updmap/pdftex.map}{/usr/share/texlive/texmf-di
st/fonts/enc/dvips/lm/lm-rmsc.enc}{/usr/share/texlive/texmf-dist/fonts/enc/dvip
s/lm/lm-rm.enc}]) [2

]
(./main-classic.toc
LaTeX Font Info:    Trying to load font information for OML+lmm on input line 3
.
 (/usr/share/texlive/texmf-dist/tex/latex/lm/omllmm.fd
File: omllmm.fd 2015/05/01 v1.6.1 Font defs for Latin Modern
)
LaTeX Font Info:    Trying to load font information for OMS+lmsy on input line 
3.

(/usr/share/texlive/texmf-dist/tex/latex/lm/omslmsy.fd
File: omslmsy.fd 2015/05/01 v1.6.1 Font defs for Latin Modern
)
LaTeX Font Info:    Trying to load font information for OMX+lmex on input line 
3.

(/usr/share/texlive/texmf-dist/tex/latex/lm/omxlmex.fd
File: omxlmex.fd 2015/05/01 v1.6.1 Font defs for Latin Modern
)
LaTeX Font Info:    External font `lmex10' loaded for size
(Font)              <10> on input line 3.
LaTeX Font Info:    External font `lmex10' loaded for size
(Font)              <7> on input line 3.
LaTeX Font Info:    External font `lmex10' loaded for size
(Font)              <5> on input line 3.
 [3] [4] [5] [6])
\tf@toc=\write4
\openout4 = `main-classic.toc'.


[7] [8

] (./frontmatter/preamble.tex
Underfull \vbox (badness 10000) has occurred while \output is active []

 [1

]
Underfull \vbox (badness 10000) has occurred while \output is active []

 [2])
(./articles/article01.tex [3] [4

]
Article 1.
[5]
Overfull \hbox (3.8268pt too wide) in paragraph at lines 16--16
[]\OT1/lmr/bx/n/14.4 The Pur-pose and Supremacy of this
 []

[6]
Overfull \hbox (5.56888pt too wide) in paragraph at lines 36--37
[]\OT1/lmr/m/n/10 The stair-well be-longs to ev-ery cit-i-zen equally and shall
 not be blocked,
 []

[7]) (./articles/article02.tex [8]
Article 2.
[9

] [10]) (./articles/article03.tex [11] [12

]
Article 3.
[13] [14]
Overfull \hbox (4.41954pt too wide) in paragraph at lines 39--39
[]\OT1/lmr/bx/n/14.4 Unsanctioned Chil-dren and the An-
 []

[15] [16]) (./articles/article04.tex [17] [18

]
Article 4.
[19]
Overfull \hbox (7.90317pt too wide) in paragraph at lines 28--28
[]\OT1/lmr/bx/n/14.4 The Mayor's Or-ders and Emer-gency
 []

[20] [21] [22]) (./articles/article05.tex [23] [24

]
Article 5.
[25] [26]) (./articles/article06.tex [27] [28

]
Article 6.
[29] [30]) (./articles/article07.tex [31] [32

]
Article 7.
[33]
Overfull \hbox (1.2042pt too wide) in paragraph at lines 27--27
[]\OT1/lmr/bx/n/14.4 The Cafe-te-rias and Other Com-mon
 []

[34]) (./articles/article08.tex [35] [36

]
Article 8.
[37]
Overfull \hbox (1.45857pt too wide) in paragraph at lines 16--16
[]\OT1/lmr/bx/n/14.4 The Li-cens-ing of Dan-ger-ous In-stru-
 []

[38]) (./articles/article09.tex [39] [40

]
Article 9.
[41] [42] [43] [44]) (./articles/article10.tex [45] [46

]
Article 10.
[47] [48] [49]) (./articles/article11.tex [50]
Article 11.
[51

] [52]) (./articles/article12.tex [53] [54

]
Article 12.
[55] [56]
Overfull \hbox (4.01251pt too wide) in paragraph at lines 45--46
[]\OT1/lmr/m/n/10 If a cit-i-zen ac-cuses an-other of charg-ing an un-just pric
e|unreasonably
 []

[57]
Overfull \hbox (4.73297pt too wide) in paragraph at lines 55--56
[]\OT1/lmr/m/n/10 A debt is a promise of re-pay-ment made be-tween two cit-i-ze
ns, recorded
 []

[58]
Overfull \hbox (3.12248pt too wide) in paragraph at lines 77--78
[]\OT1/lmr/m/n/10 A cit-i-zen who is de-frauded in a trade|sold coun-ter-feit g
oods, shorted
 []

[59]) (./articles/article13.tex [60]
Article 13.
[61

] [62]
Overfull \hbox (26.9627pt too wide) in paragraph at lines 38--38
[]\OT1/lmr/bx/n/14.4 Mundane La-bor and the Sim-ple Trades 
 []

[63] [64] [65]
Overfull \hbox (1.87454pt too wide) in paragraph at lines 76--77
\OT1/lmr/m/n/10 needs change, re-port to the Mayor the De-part-ment's re-quired
 staffing
 []


Overfull \hbox (3.4907pt too wide) in paragraph at lines 82--82
[]\OT1/lmr/bx/n/14.4 Reassignment, Re-tire-ment, and the
 []

[66] [67]) (./articles/article14.tex [68]
Article 14.

Overfull \hbox (4.926pt too wide) in paragraph at lines 6--6
[]\OT1/lmr/bx/n/14.4 The Charge of Hous-ing and the Dis-
 []

[69

] [70] [71] [72]) (./articles/article15.tex [73] [74

]
Article 15.
[75] [76] [77] [78] [79]) (./articles/article16.tex [80]
Article 16.
[81

] [82]
Overfull \hbox (6.06653pt too wide) in paragraph at lines 43--43
[]\OT1/lmr/bx/n/14.4 Restricted In-stru-ments and De-vices 
 []

[83]) (./articles/article17.tex [84]
Article 17.

Underfull \vbox (badness 10000) has occurred while \output is active []

 [85

]
[86] [87]) (./articles/article18.tex [88]
Article 18.
[89

] [90] [91] [92]) (./articles/article19.tex [93] [94

]
Article 19.
[95] [96]
Overfull \hbox (24.75354pt too wide) in paragraph at lines 39--39
[]\OT1/lmr/bx/n/14.4 Death and the De-ter-mi-na-tion of Cause 
 []

[97]
Overfull \hbox (13.14836pt too wide) in paragraph at lines 50--50
[]\OT1/lmr/bx/n/14.4 Retirement and the Care of the Aged
 []

[98] [99]) (./articles/article20.tex [100]
Article 20.
[101

] [102] [103]) (./articles/article21.tex [104]
Article 21.
[105

] [106] [107]) (./articles/article22.tex [108]
Article 22.
[109

]
Overfull \hbox (8.06218pt too wide) in paragraph at lines 17--17
[]\OT1/lmr/bx/n/14.4 The Green List and Emer-gency Pro-
 []

[110]
Overfull \hbox (3.76321pt too wide) in paragraph at lines 27--27
[]\OT1/lmr/bx/n/14.4 The Du-ra-tion and the End of Emer-
 []

[111]) (./articles/article23.tex [112]
Article 23.
[113

] [114]) (./backmatter/amendments.tex [115] [116

]
Appendix A.

Underfull \vbox (badness 10000) has occurred while \output is active []

 [117]
[118] [119] [120]
LaTeX Font Info:    Trying to load font information for TS1+lmr on input line 8
5.
 (/usr/share/texlive/texmf-dist/tex/latex/lm/ts1lmr.fd
File: ts1lmr.fd 2015/05/01 v1.6.1 Font defs for Latin Modern
))
[121{/usr/share/texlive/texmf-dist/fonts/enc/dvips/lm/lm-ts1.enc}] [122]
(./main-classic.aux)
 ***********
LaTeX2e <2025-11-01>
L3 programming layer <2026-03-20>
 ***********
Package rerunfilecheck Info: File `main-classic.out' has not changed.
(rerunfilecheck)             Checksum: 3FE7196D3A1FA9D2AB79083AC6CAA764;37069.
 ) 
Here is how much of TeX's memory you used:
 9116 strings out of 469339
 140571 string characters out of 5466702
 546123 words of memory out of 6000000
 37075 multiletter control sequences out of 15000+600000
 682759 words of font info for 65 fonts, out of 8000000 for 9000
 14 hyphenation exceptions out of 8191
 75i,6n,79p,1232b,580s stack positions out of 10000i,1000n,20000p,200000b,200000s
</usr/share/texlive/texmf-dist/fonts/type1/public/lm/lmbx10.pfb></usr/share/t
exlive/texmf-dist/fonts/type1/public/lm/lmbx12.pfb></usr/share/texlive/texmf-di
st/fonts/type1/public/lm/lmcsc10.pfb></usr/share/texlive/texmf-dist/fonts/type1
/public/lm/lmr10.pfb></usr/share/texlive/texmf-dist/fonts/type1/public/lm/lmr12
.pfb></usr/share/texlive/texmf-dist/fonts/type1/public/lm/lmr9.pfb></usr/share/
texlive/texmf-dist/fonts/type1/public/lm/lmri10.pfb></usr/share/texlive/texmf-d
ist/fonts/type1/public/lm/lmri9.pfb></usr/share/texlive/texmf-dist/fonts/type1/
public/lm/lmro10.pfb>
Output written on main-classic.pdf (130 pages, 484335 bytes).
PDF statistics:
 1980 PDF objects out of 2073 (max. 8388607)
 1810 compressed objects within 19 object streams
 713 named destinations out of 1000 (max. 500000)
 1257 words of extra memory for PDF output out of 10000 (max. 10000000)

